c:\users\rene\desktop\test\kaleidoscope2\kaleidoscope\x64\debug\vc120.pdb
c:\users\rene\desktop\test\kaleidoscope2\kaleidoscope\x64\debug\vector3d.obj
c:\users\rene\desktop\test\kaleidoscope2\kaleidoscope\x64\debug\utils.obj
c:\users\rene\desktop\test\kaleidoscope2\kaleidoscope\x64\debug\uniform.obj
c:\users\rene\desktop\test\kaleidoscope2\kaleidoscope\x64\debug\textureeffectkaleidoscopebase.obj
c:\users\rene\desktop\test\kaleidoscope2\kaleidoscope\x64\debug\textfile.obj
c:\users\rene\desktop\test\kaleidoscope2\kaleidoscope\x64\debug\shader_setup.obj
c:\users\rene\desktop\test\kaleidoscope2\kaleidoscope\x64\debug\qmywindow.obj
c:\users\rene\desktop\test\kaleidoscope2\kaleidoscope\x64\debug\moc_qmywindow.obj
c:\users\rene\desktop\test\kaleidoscope2\kaleidoscope\x64\debug\moc_glwidget.obj
c:\users\rene\desktop\test\kaleidoscope2\kaleidoscope\x64\debug\mesh.obj
c:\users\rene\desktop\test\kaleidoscope2\kaleidoscope\x64\debug\main.obj
c:\users\rene\desktop\test\kaleidoscope2\kaleidoscope\x64\debug\glwidget.obj
c:\users\rene\desktop\test\kaleidoscope2\kaleidoscope\x64\debug\filtershader.obj
c:\users\rene\desktop\test\kaleidoscope2\kaleidoscope\x64\debug\effectshader.obj
c:\users\rene\desktop\test\kaleidoscope2\kaleidoscope\x64\debug\configuration.obj
c:\users\rene\desktop\test\kaleidoscope2\kaleidoscope\x64\debug\glee.obj
c:\users\rene\desktop\test\kaleidoscope2\kaleidoscope\moc\moc_glwidget.cpp
c:\users\rene\desktop\test\kaleidoscope2\kaleidoscope\mainwindow.h
c:\users\rene\desktop\test\kaleidoscope2\kaleidoscope\moc\qmywindow.cpp
c:\users\rene\desktop\test\kaleidoscope2\kaleidoscope\debug\kaleidoscope.ilk
c:\users\rene\desktop\test\kaleidoscope2\kaleidoscope\debug\kaleidoscope.exe
c:\users\rene\desktop\test\kaleidoscope2\kaleidoscope\debug\kaleidoscope.pdb
c:\users\rene\desktop\test\kaleidoscope2\kaleidoscope\\debug\kaleidoscope.pdb
c:\users\rene\desktop\test\kaleidoscope2\kaleidoscope\\debug\kaleidoscope.exe
c:\users\rene\desktop\test\kaleidoscope2\kaleidoscope\\debug\kaleidoscope.ilk
c:\users\rene\desktop\test\kaleidoscope2\kaleidoscope\x64\debug\kaleidoscope.tlog\cl.command.1.tlog
c:\users\rene\desktop\test\kaleidoscope2\kaleidoscope\x64\debug\kaleidoscope.tlog\cl.read.1.tlog
c:\users\rene\desktop\test\kaleidoscope2\kaleidoscope\x64\debug\kaleidoscope.tlog\cl.write.1.tlog
c:\users\rene\desktop\test\kaleidoscope2\kaleidoscope\x64\debug\kaleidoscope.tlog\custombuild.command.1.tlog
c:\users\rene\desktop\test\kaleidoscope2\kaleidoscope\x64\debug\kaleidoscope.tlog\custombuild.read.1.tlog
c:\users\rene\desktop\test\kaleidoscope2\kaleidoscope\x64\debug\kaleidoscope.tlog\custombuild.write.1.tlog
c:\users\rene\desktop\test\kaleidoscope2\kaleidoscope\x64\debug\kaleidoscope.tlog\link.command.1.tlog
c:\users\rene\desktop\test\kaleidoscope2\kaleidoscope\x64\debug\kaleidoscope.tlog\link.read.1.tlog
c:\users\rene\desktop\test\kaleidoscope2\kaleidoscope\x64\debug\kaleidoscope.tlog\link.write.1.tlog
