Der Buildvorgang wurde am 04.04.2015 11:53:38 gestartet.
     1>Projekt "C:\Users\Rene\Desktop\test\Kaleidoscope2\Kaleidoscope\Kaleidoscope.vcxproj" auf Knoten "2", Build Ziel(e).
     1>CustomBuild:
         MOCint QMyWindow ...
       ClCompile:
         C:\Program Files (x86)\Microsoft Visual Studio 12.0\VC\bin\x86_amd64\CL.exe /c /IC:\Qt\Qt5.4.1\5.4\msvc2013_64_opengl\include /I"C:\Qt\Qt5.4.1\5.4\msvc2013_64_opengl\mkspecs\win32-msvc" /Zi /nologo /W3 /WX- /Od /D WIN32 /D _DEBUG /D _CONSOLE /D _CRT_SECURE_NO_WARNINGS /D _VC80_UPGRADE=0x0710 /D _MBCS /Gm- /EHsc /RTC1 /MTd /GS /fp:precise /Zc:wchar_t /Zc:forScope /Fo"x64\Debug\\" /Fd"x64\Debug\vc120.pdb" /Gd /TP /errorReport:prompt moc\moc_QMyWindow.cpp
         moc_QMyWindow.cpp
       Link:
         C:\Program Files (x86)\Microsoft Visual Studio 12.0\VC\bin\x86_amd64\link.exe /ERRORREPORT:PROMPT /OUT:"C:\Users\Rene\Desktop\test\Kaleidoscope2\Kaleidoscope\\Debug\Kaleidoscope.exe" /INCREMENTAL /NOLOGO /LIBPATH:C:\Qt\Qt5.4.1\5.4\msvc2013_64_opengl\lib qtmaind.lib Qt5Guid.lib Qt5Cored.lib Qt5OpenGLd.lib OpenGL32.Lib glu32.lib Qt5Xmld.lib Qt5Widgetsd.lib Qt5PlatformSupportd.lib kernel32.lib user32.lib gdi32.lib winspool.lib comdlg32.lib advapi32.lib shell32.lib ole32.lib oleaut32.lib uuid.lib odbc32.lib odbccp32.lib /MANIFEST /MANIFESTUAC:"level='asInvoker' uiAccess='false'" /manifest:embed /DEBUG /PDB:"C:\Users\Rene\Desktop\test\Kaleidoscope2\Kaleidoscope\\Debug\Kaleidoscope.pdb" /SUBSYSTEM:CONSOLE /TLBID:1 /DYNAMICBASE:NO /IMPLIB:"C:\Users\Rene\Desktop\test\Kaleidoscope2\Kaleidoscope\\Debug\Kaleidoscope.lib" /MACHINE:X64 x64\Debug\Configuration.obj
         x64\Debug\EffectShader.obj
         x64\Debug\filterShader.obj
         x64\Debug\GLee.obj
         x64\Debug\glwidget.obj
         x64\Debug\main.obj
         x64\Debug\mesh.obj
         x64\Debug\moc_glwidget.obj
         x64\Debug\moc_QMyWindow.obj
         x64\Debug\QMyWindow.obj
         x64\Debug\shader_setup.obj
         x64\Debug\textfile.obj
         x64\Debug\TextureEffectKaleidoscopeBase.obj
         x64\Debug\Uniform.obj
         x64\Debug\Utils.obj
         x64\Debug\Vector3D.obj
         Kaleidoscope.vcxproj -> C:\Users\Rene\Desktop\test\Kaleidoscope2\Kaleidoscope\\Debug\Kaleidoscope.exe
     1>Die Erstellung des Projekts "C:\Users\Rene\Desktop\test\Kaleidoscope2\Kaleidoscope\Kaleidoscope.vcxproj" ist abgeschlossen, Build Ziel(e).

Build erfolgreich.

Verstrichene Zeit 00:00:01.55
